// Jest Snapshot v1, https://goo.gl/fbAQLP

exports[`editor view loads with plugins 1`] = `"<ul class=\\"manuscript-toc-list\\"><li class=\\"manuscript-toc-list-item\\" data-referenced-section=\\"MPSection:model-3\\" data-referenced-section-path-length=\\"1\\">1. An empty section</li><li class=\\"manuscript-toc-list-item\\" data-referenced-section=\\"MPSection:model-4\\" data-referenced-section-path-length=\\"1\\">2. An empty section</li><li class=\\"manuscript-toc-list-item\\" data-referenced-section=\\"MPSection:model-5\\" data-referenced-section-path-length=\\"1\\">3. An empty section</li><li class=\\"manuscript-toc-list-item\\" data-referenced-section=\\"MPSection:model-8\\" data-referenced-section-path-length=\\"1\\">4. A section containing empty paragraphs</li><li class=\\"manuscript-toc-list-item\\" data-referenced-section=\\"MPSection:model-11\\" data-referenced-section-path-length=\\"1\\">5. A section containing empty paragraphs</li><li class=\\"manuscript-toc-list-item\\" data-referenced-section=\\"MPSection:model-14\\" data-referenced-section-path-length=\\"1\\">6. A section containing empty paragraphs</li><li class=\\"manuscript-toc-list-item\\" data-referenced-section=\\"MPSection:model-16\\" data-referenced-section-path-length=\\"1\\">7. A section containing a list</li><li class=\\"manuscript-toc-list-item\\" data-referenced-section=\\"MPSection:model-19\\" data-referenced-section-path-length=\\"1\\">8. A section containing a figure</li><li class=\\"manuscript-toc-list-item\\" data-referenced-section=\\"MPSection:model-22\\" data-referenced-section-path-length=\\"1\\">9. A section containing a table</li></ul>"`;
